(2004-08-28 13:50:31) mysql error: [1146: Tabela 'gbwc.game' não existe] in EXECUTE("Select * from game where Id = 'imds'")
(2004-09-01 15:27:14) mysql error: [1406: Data too long for column 'msg' at row 1] in EXECUTE("Insert into convite (id ,title, msg, guild, code) Values ('teste','Convite para entrar na Guild GBETools','Olá este é o seu Códigode Convite: \r\n							Código: <b>8vqsOYhB92t08KikrWMPKIhKDGk8z5YUVQlETrqp4Xo=</b><br> \r\n							Nome da Guild : <b>GBETools</b><br>\r\n							Dica:<br>\r\n							Go Login to your account and go to My Guilds \r\n							Put the invation code and the Guild Name. ','GBETools','8vqsOYhB92t08KikrWMPKIhKDGk8z5YUVQlETrqp4Xo=')")
(2004-09-01 15:33:17) mysql error: [1048: Coluna 'msg' não pode ser vazia] in EXECUTE("Insert into convite (id ,title, msg, guild, code) Values ('teste','Convite para entrar na Guild GBETools',NULL,'GBETools',NULL)")
(2004-09-01 15:33:23) mysql error: [1048: Coluna 'msg' não pode ser vazia] in EXECUTE("Insert into convite (id ,title, msg, guild, code) Values ('teste','Convite para entrar na Guild GBETools',NULL,'GBETools',NULL)")
(2004-09-01 15:37:00) mysql error: [1048: Coluna 'msg' não pode ser vazia] in EXECUTE("insert convite set id = 'teste2',title = 'Convite para entrar na Guild GBETools', msg = NULL, guild = 'GBETools', code = NULL")
(2004-09-01 15:38:02) mysql error: [1048: Coluna 'msg' não pode ser vazia] in EXECUTE("insert convite set id = 'teste2',title = 'Convite para entrar na Guild GBETools', msg = NULL, guild = 'GBETools', code = NULL")
(2004-09-01 16:12:59) mysql error: [1048: Coluna 'Guild' não pode ser vazia] in EXECUTE("Update game set Guild       = NULL where Id='teste2'")
(2004-09-01 16:14:43) mysql error: [1366: Incorrect integer value: '' for column 'MemberCount' at row 1] in EXECUTE("Update game set MemberCount = '' where Id='teste2'")
(2004-09-01 16:18:44) mysql error: [1366: Incorrect integer value: '' for column 'GuildRank' at row 1] in EXECUTE("Update game set GuildRank   = '' where Id='teste2'")
(2009-09-03 14:03:39) mysql error: [1048: Coluna 'Title' não pode ser vazia] in EXECUTE("Insert into `forumde2` (`Title`,`Comment`, `Author`, `NickName`, `CountryGrade`, `signforum`, `Date`,`Msg_Id`) VALUES (NULL,NULL,'imds','imds','20',NULL,'2009-09-03 14:03:39','8')")
(2009-09-03 16:36:00) mysql error: [1048: Coluna 'Cash' não pode ser vazia] in EXECUTE("Update cash set  Cash = Cash - NULL where Id = 'imds'")
(2009-09-03 16:37:37) mysql error: [1054: Coluna 'NickName' desconhecida em 'field list'] in EXECUTE("Update cash set NickName = 'dhimds' where Id = 'imds'")
(2009-09-03 16:39:22) mysql error: [1054: Coluna 'NickName' desconhecida em 'field list'] in EXECUTE("Update cash set NickName = 'fdsfsdfsd' where Id = 'imds'")
(2009-09-03 16:41:37) mysql error: [1054: Coluna 'NickName' desconhecida em 'field list'] in EXECUTE("Update cash set NickName = 'fdsfsdfdsfsd' where Id = 'imds'")
(2009-09-03 21:46:52) mysql error: [1146: Tabela 'gbwc.shop_avatar' não existe] in EXECUTE("SELECT SQL_CALC_FOUND_ROWS *, shop_avatar.id, shop_avatar.id FROM shop_avatar where shop_avatar.id = shop_avatar.id order by shop_avatar.id LIMIT 0,20")
(2009-09-04 09:35:17) mysql error: [1146: Tabela 'gbwc.shop_avatar' não existe] in EXECUTE("SELECT SQL_CALC_FOUND_ROWS *, shop_avatar.id, shop_avatar.id FROM shop_avatar where shop_avatar.id = shop_avatar.id order by shop_avatar.id LIMIT 0,20")
(2009-09-04 09:35:41) mysql error: [1146: Tabela 'gbwc.shop_avatar' não existe] in EXECUTE("Select *, shop_avatar.id as Nick, shop_avatar.id from shop_avatar where shop_avatar.id=shop_avatar.id and shop_avatar.nome = 'neo observador' order by nome ")
(2009-09-04 09:35:42) mysql error: [1146: Tabela 'gbwc.shop_avatar' não existe] in EXECUTE("SELECT SQL_CALC_FOUND_ROWS *, shop_avatar.id, shop_avatar.id FROM shop_avatar where shop_avatar.id = shop_avatar.id order by shop_avatar.id LIMIT 0,20")
(2009-09-04 09:54:26) mysql error: [1146: Tabela 'gbwc.shop_avatar' não existe] in EXECUTE("Select *, shop_avatar.id as Nick, shop_avatar.id from shop_avatar where shop_avatar.id=shop_avatar.id and shop_avatar.tipo = 'set' order by id ")
(2009-09-04 09:54:31) mysql error: [1146: Tabela 'gbwc.shop_avatar' não existe] in EXECUTE("SELECT SQL_CALC_FOUND_ROWS *, shop_avatar.id, shop_avatar.id FROM shop_avatar where shop_avatar.id = shop_avatar.id order by shop_avatar.id LIMIT 0,20")
(2009-09-04 10:04:28) mysql error: [1146: Tabela 'gbwc.shop_credvip' não existe] in EXECUTE("Select *, shop_credvip.id as Nick, shop_credvip.id from shop_credvip where shop_credvip.id=shop_credvip.id and shop_credvip.sexo = 'feminino' order by id ")
(2009-09-04 10:04:29) mysql error: [1146: Tabela 'gbwc.shop_credvip' não existe] in EXECUTE("Select *, shop_credvip.id as Nick, shop_credvip.id from shop_credvip where shop_credvip.id=shop_credvip.id and shop_credvip.sexo = 'masculino' order by id ")
(2009-09-04 17:55:35) mysql error: [1146: Tabela 'gbwc.shop_avatar' não existe] in EXECUTE("SELECT SQL_CALC_FOUND_ROWS *, shop_avatar.id, shop_avatar.id FROM shop_avatar where shop_avatar.id = shop_avatar.id order by shop_avatar.id LIMIT 0,20")
(2009-09-04 17:55:41) mysql error: [1146: Tabela 'gbwc.shop_avatar' não existe] in EXECUTE("Select *, shop_avatar.id as Nick, shop_avatar.id from shop_avatar where shop_avatar.id=shop_avatar.id and shop_avatar.sexo = 'feminino' order by id ")
(2009-09-04 17:57:53) mysql error: [1146: Tabela 'gbwc.shop_avatar' não existe] in EXECUTE("SELECT SQL_CALC_FOUND_ROWS *, shop_avatar.id, shop_avatar.id FROM shop_avatar where shop_avatar.id = shop_avatar.id order by shop_avatar.id LIMIT 0,20")
(2009-09-04 17:58:14) mysql error: [1146: Tabela 'gbwc.shop_avatar' não existe] in EXECUTE("Select *, shop_avatar.id as Nick, shop_avatar.id from shop_avatar where shop_avatar.id=shop_avatar.id and shop_avatar.tipo = 'cabeca' order by id ")
(2009-09-04 17:59:45) mysql error: [1048: Coluna 'Title' não pode ser vazia] in EXECUTE("Insert into `forumlivre` (`Title`,`Text`,`Text2`,`Author`,`NickName`,`CountryGrade`,`signforum`,`class`,`Date`,`Comments`) VALUES (NULL,NULL,NULL,'amanha','AJSNJA a','22','',NULL,'2009-09-04 17:59:45',0)")
(2009-09-04 17:59:46) mysql error: [1048: Coluna 'Title' não pode ser vazia] in EXECUTE("Insert into `forumlivre` (`Title`,`Text`,`Text2`,`Author`,`NickName`,`CountryGrade`,`signforum`,`class`,`Date`,`Comments`) VALUES (NULL,NULL,NULL,'amanha','AJSNJA a','22','',NULL,'2009-09-04 17:59:46',0)")
(2009-09-04 17:59:47) mysql error: [1048: Coluna 'Title' não pode ser vazia] in EXECUTE("Insert into `forumlivre` (`Title`,`Text`,`Text2`,`Author`,`NickName`,`CountryGrade`,`signforum`,`class`,`Date`,`Comments`) VALUES (NULL,NULL,NULL,'amanha','AJSNJA a','22','',NULL,'2009-09-04 17:59:47',0)")
(2009-09-04 17:59:47) mysql error: [1048: Coluna 'Title' não pode ser vazia] in EXECUTE("Insert into `forumlivre` (`Title`,`Text`,`Text2`,`Author`,`NickName`,`CountryGrade`,`signforum`,`class`,`Date`,`Comments`) VALUES (NULL,NULL,NULL,'amanha','AJSNJA a','22','',NULL,'2009-09-04 17:59:47',0)")
(2009-09-04 17:59:48) mysql error: [1048: Coluna 'Title' não pode ser vazia] in EXECUTE("Insert into `forumlivre` (`Title`,`Text`,`Text2`,`Author`,`NickName`,`CountryGrade`,`signforum`,`class`,`Date`,`Comments`) VALUES (NULL,NULL,NULL,'amanha','AJSNJA a','22','',NULL,'2009-09-04 17:59:48',0)")
(2009-09-04 17:59:49) mysql error: [1048: Coluna 'Title' não pode ser vazia] in EXECUTE("Insert into `forumlivre` (`Title`,`Text`,`Text2`,`Author`,`NickName`,`CountryGrade`,`signforum`,`class`,`Date`,`Comments`) VALUES (NULL,NULL,NULL,'amanha','AJSNJA a','22','',NULL,'2009-09-04 17:59:49',0)")
(2009-09-04 17:59:50) mysql error: [1048: Coluna 'Title' não pode ser vazia] in EXECUTE("Insert into `forumlivre` (`Title`,`Text`,`Text2`,`Author`,`NickName`,`CountryGrade`,`signforum`,`class`,`Date`,`Comments`) VALUES (NULL,NULL,NULL,'amanha','AJSNJA a','22','',NULL,'2009-09-04 17:59:50',0)")
(2009-09-04 17:59:51) mysql error: [1048: Coluna 'Title' não pode ser vazia] in EXECUTE("Insert into `forumlivre` (`Title`,`Text`,`Text2`,`Author`,`NickName`,`CountryGrade`,`signforum`,`class`,`Date`,`Comments`) VALUES (NULL,NULL,NULL,'amanha','AJSNJA a','22','',NULL,'2009-09-04 17:59:51',0)")
(2009-09-04 18:00:34) mysql error: [1146: Tabela 'gbwc.shop_avatar' não existe] in EXECUTE("SELECT SQL_CALC_FOUND_ROWS *, shop_avatar.id, shop_avatar.id FROM shop_avatar where shop_avatar.id = shop_avatar.id order by shop_avatar.id LIMIT 0,20")
(2009-09-04 18:03:18) mysql error: [1146: Tabela 'gbwc.shop_credvip' não existe] in EXECUTE("Select *, shop_credvip.id as Nick, shop_credvip.id from shop_credvip where shop_credvip.id=shop_credvip.id and shop_credvip.sexo = 'masculino' order by id ")
(2009-09-04 18:03:19) mysql error: [1146: Tabela 'gbwc.shop_credvip' não existe] in EXECUTE("Select *, shop_credvip.id as Nick, shop_credvip.id from shop_credvip where shop_credvip.id=shop_credvip.id and shop_credvip.sexo = 'feminino' order by id ")
(2009-09-04 18:05:39) mysql error: [1146: Tabela 'gbwc.shop_credvip' não existe] in EXECUTE("Select *, shop_credvip.id as Nick, shop_credvip.id from shop_credvip where shop_credvip.id=shop_credvip.id and shop_credvip.sexo = 'masculino' order by id ")
(2009-09-06 17:33:22) mysql error: [1016: Can't open file: 'shop_credvip.ibd' (errno: 1)] in EXECUTE("Select *, shop_credvip.id as Nick, shop_credvip.id from shop_credvip where shop_credvip.id=shop_credvip.id and shop_credvip.sexo = 'masculino' order by id ")
(2009-09-06 17:45:03) mysql error: [: ] in CONNECT(localhost, '****', '****', gbwc)
(2009-09-06 18:15:03) mysql error: [: ] in CONNECT(localhost, '****', '****', gbwc)
(2009-09-06 18:15:05) mysql error: [: ] in CONNECT(localhost, '****', '****', gbwc)
(2009-09-06 18:15:06) mysql error: [: ] in CONNECT(localhost, '****', '****', gbwc)
(2009-09-06 18:15:06) mysql error: [: ] in CONNECT(localhost, '****', '****', gbwc)
(2009-09-06 18:23:28) mysql error: [: ] in CONNECT(localhost, '****', '****', gbwc)
(2009-09-06 18:23:28) mysql error: [: ] in CONNECT(localhost, '****', '****', gbwc)
(2009-09-06 18:23:30) mysql error: [: ] in CONNECT(localhost, '****', '****', gbwc)
(2009-09-06 18:23:31) mysql error: [: ] in CONNECT(localhost, '****', '****', gbwc)
(2009-09-06 19:49:35) mysql error: [: ] in CONNECT(localhost, '****', '****', gbwc)
(2009-09-06 20:09:56) mysql error: [: ] in CONNECT(localhost, '****', '****', gbwc)
(2009-09-06 20:10:27) mysql error: [1016: Can't open file: 'shop_credvip.ibd' (errno: 1)] in EXECUTE("Select *, shop_credvip.id as Nick, shop_credvip.id from shop_credvip where shop_credvip.id=shop_credvip.id and shop_credvip.sexo = 'masculino' order by id ")
(2009-09-06 20:15:04) mysql error: [: ] in CONNECT(localhost, '****', '****', gbwc)
(2009-09-06 20:15:05) mysql error: [: ] in CONNECT(localhost, '****', '****', gbwc)
(2009-09-06 20:15:05) mysql error: [: ] in CONNECT(localhost, '****', '****', gbwc)
(2009-09-06 20:15:05) mysql error: [: ] in CONNECT(localhost, '****', '****', gbwc)
(2009-09-06 20:15:06) mysql error: [: ] in CONNECT(localhost, '****', '****', gbwc)
(2009-09-06 20:32:37) mysql error: [1016: Can't open file: 'shop_credvip.ibd' (errno: 1)] in EXECUTE("Select *, shop_credvip.id as Nick, shop_credvip.id from shop_credvip where shop_credvip.id=shop_credvip.id and shop_credvip.sexo = 'masculino' order by id ")
(2009-09-06 20:33:17) mysql error: [1016: Can't open file: 'shop_credvip.ibd' (errno: 1)] in EXECUTE("Select *, shop_credvip.id as Nick, shop_credvip.id from shop_credvip where shop_credvip.id=shop_credvip.id and shop_credvip.sexo = 'masculino' order by id ")
(2009-09-06 20:33:21) mysql error: [1016: Can't open file: 'shop_credvip.ibd' (errno: 1)] in EXECUTE("Select *, shop_credvip.id as Nick, shop_credvip.id from shop_credvip where shop_credvip.id=shop_credvip.id and shop_credvip.sexo = 'masculino' order by id ")
(2009-09-06 20:35:27) mysql error: [1016: Can't open file: 'shop_credvip.ibd' (errno: 1)] in EXECUTE("Select *, shop_credvip.id as Nick, shop_credvip.id from shop_credvip where shop_credvip.id=shop_credvip.id and shop_credvip.sexo = 'masculino' order by id ")
(2009-09-06 20:37:34) mysql error: [1016: Can't open file: 'shop_credvip.ibd' (errno: 1)] in EXECUTE("Select *, shop_credvip.id as Nick, shop_credvip.id from shop_credvip where shop_credvip.id=shop_credvip.id and shop_credvip.sexo = 'masculino' order by id ")
(2009-09-06 20:37:40) mysql error: [1016: Can't open file: 'shop_credvip.ibd' (errno: 1)] in EXECUTE("Select *, shop_credvip.id as Nick, shop_credvip.id from shop_credvip where shop_credvip.id=shop_credvip.id and shop_credvip.sexo = 'feminino' order by id ")
(2009-09-06 20:37:48) mysql error: [1016: Can't open file: 'shop_credvip.ibd' (errno: 1)] in EXECUTE("Select *, shop_credvip.id as Nick, shop_credvip.id from shop_credvip where shop_credvip.id=shop_credvip.id and shop_credvip.sexo = 'masculino' order by id ")
(2009-09-06 20:45:05) mysql error: [: ] in CONNECT(localhost, '****', '****', gbwc)
(2009-09-06 20:52:34) mysql error: [1016: Can't open file: 'shop_credvip.ibd' (errno: 1)] in EXECUTE("Select *, shop_credvip.id as Nick, shop_credvip.id from shop_credvip where shop_credvip.id=shop_credvip.id and shop_credvip.sexo = 'masculino' order by id ")
(2009-09-06 22:15:04) mysql error: [: ] in CONNECT(localhost, '****', '****', gbwc)
(2009-09-06 22:22:28) mysql error: [1048: Column 'Title' cannot be null] in EXECUTE("Insert into `forumlivre2` (`Title`,`Comment`, `Author`, `NickName`, `CountryGrade`, `signforum`, `Date`,`Msg_Id`) VALUES (NULL,NULL,'lucianolopes','Flat','26','','2009-09-06 22:22:28','8')")
(2009-09-06 22:47:38) mysql error: [1016: Can't open file: 'shop_credvip.ibd' (errno: 1)] in EXECUTE("Select *, shop_credvip.id as Nick, shop_credvip.id from shop_credvip where shop_credvip.id=shop_credvip.id and shop_credvip.sexo = 'masculino' order by id ")
(2009-09-06 23:04:37) mysql error: [1016: Can't open file: 'shop_credvip.ibd' (errno: 1)] in EXECUTE("Select *, shop_credvip.id as Nick, shop_credvip.id from shop_credvip where shop_credvip.id=shop_credvip.id and shop_credvip.sexo = 'masculino' order by id ")
(2009-09-06 23:04:43) mysql error: [1016: Can't open file: 'shop_credvip.ibd' (errno: 1)] in EXECUTE("Select *, shop_credvip.id as Nick, shop_credvip.id from shop_credvip where shop_credvip.id=shop_credvip.id and shop_credvip.sexo = 'masculino' order by id ")
(2009-09-06 23:07:25) mysql error: [1016: Can't open file: 'shop_credvip.ibd' (errno: 1)] in EXECUTE("Select *, shop_credvip.id as Nick, shop_credvip.id from shop_credvip where shop_credvip.id=shop_credvip.id and shop_credvip.sexo = 'feminino' order by id ")
(2009-09-06 23:07:54) mysql error: [1016: Can't open file: 'shop_credvip.ibd' (errno: 1)] in EXECUTE("Select *, shop_credvip.id as Nick, shop_credvip.id from shop_credvip where shop_credvip.id=shop_credvip.id and shop_credvip.sexo = 'masculino' order by id ")
(2009-09-06 23:12:03) mysql error: [1016: Can't open file: 'shop_credvip.ibd' (errno: 1)] in EXECUTE("Select *, shop_credvip.id as Nick, shop_credvip.id from shop_credvip where shop_credvip.id=shop_credvip.id and shop_credvip.sexo = 'masculino' order by id ")
(2009-09-06 23:15:03) mysql error: [: ] in CONNECT(localhost, '****', '****', gbwc)
(2009-09-06 23:15:04) mysql error: [: ] in CONNECT(localhost, '****', '****', gbwc)
(2009-09-06 23:15:06) mysql error: [: ] in CONNECT(localhost, '****', '****', gbwc)
(2009-09-06 23:22:42) mysql error: [1016: Can't open file: 'shop_credvip.ibd' (errno: 1)] in EXECUTE("Select *, shop_credvip.id as Nick, shop_credvip.id from shop_credvip where shop_credvip.id=shop_credvip.id and shop_credvip.sexo = 'masculino' order by id ")
(2009-09-06 23:45:04) mysql error: [: ] in CONNECT(localhost, '****', '****', gbwc)
(2009-09-06 23:45:06) mysql error: [: ] in CONNECT(localhost, '****', '****', gbwc)
(2009-09-06 23:53:07) mysql error: [1016: Can't open file: 'shop_credvip.ibd' (errno: 1)] in EXECUTE("Select *, shop_credvip.id as Nick, shop_credvip.id from shop_credvip where shop_credvip.id=shop_credvip.id and shop_credvip.sexo = 'masculino' order by id ")
(2009-09-06 23:53:14) mysql error: [1016: Can't open file: 'shop_credvip.ibd' (errno: 1)] in EXECUTE("Select *, shop_credvip.id as Nick, shop_credvip.id from shop_credvip where shop_credvip.id=shop_credvip.id and shop_credvip.sexo = 'feminino' order by id ")
(2009-09-07 00:15:03) mysql error: [: ] in CONNECT(localhost, '****', '****', gbwc)
(2009-09-07 00:45:03) mysql error: [: ] in CONNECT(localhost, '****', '****', gbwc)
(2009-09-07 00:45:05) mysql error: [: ] in CONNECT(localhost, '****', '****', gbwc)
(2009-09-07 00:45:05) mysql error: [: ] in CONNECT(localhost, '****', '****', gbwc)
(2009-09-07 00:45:06) mysql error: [: ] in CONNECT(localhost, '****', '****', gbwc)
(2009-09-07 00:45:06) mysql error: [: ] in CONNECT(localhost, '****', '****', gbwc)
(2009-09-07 03:21:30) mysql error: [1048: Column 'Title' cannot be null] in EXECUTE("Insert into `forumlivre2` (`Title`,`Comment`, `Author`, `NickName`, `CountryGrade`, `signforum`, `Date`,`Msg_Id`) VALUES (NULL,NULL,'jimmy109','jimmy109','0','','2009-09-07 03:21:30','8')")
(2009-09-07 04:07:24) mysql error: [1048: Column 'Title' cannot be null] in EXECUTE("Insert into `forumlivre2` (`Title`,`Comment`, `Author`, `NickName`, `CountryGrade`, `signforum`, `Date`,`Msg_Id`) VALUES (NULL,NULL,'lucianolopes','Flat','26','','2009-09-07 04:07:24','11')")
(2009-09-07 04:09:42) mysql error: [1048: Column 'Title' cannot be null] in EXECUTE("Insert into `forumlivre2` (`Title`,`Comment`, `Author`, `NickName`, `CountryGrade`, `signforum`, `Date`,`Msg_Id`) VALUES (NULL,NULL,'lucianolopes','Flat','26','','2009-09-07 04:09:42','9')")
(2009-09-07 04:11:05) mysql error: [1048: Column 'Title' cannot be null] in EXECUTE("Insert into `forumlivre2` (`Title`,`Comment`, `Author`, `NickName`, `CountryGrade`, `signforum`, `Date`,`Msg_Id`) VALUES (NULL,NULL,'lucianolopes','Flat','26','','2009-09-07 04:11:05','8')")
(2009-09-07 04:12:00) mysql error: [1016: Can't open file: 'shop_credvip.ibd' (errno: 1)] in EXECUTE("Select *, shop_credvip.id as Nick, shop_credvip.id from shop_credvip where shop_credvip.id=shop_credvip.id and shop_credvip.sexo = 'masculino' order by id ")
(2009-09-07 04:21:54) mysql error: [1016: Can't open file: 'shop_credvip.ibd' (errno: 1)] in EXECUTE("Select *, shop_credvip.id as Nick, shop_credvip.id from shop_credvip where shop_credvip.id=shop_credvip.id and shop_credvip.sexo = 'masculino' order by id ")
(2009-09-07 05:15:03) mysql error: [: ] in CONNECT(localhost, '****', '****', gbwc)
(2009-09-07 06:51:24) mysql error: [1016: Can't open file: 'shop_credvip.ibd' (errno: 1)] in EXECUTE("Select *, shop_credvip.id as Nick, shop_credvip.id from shop_credvip where shop_credvip.id=shop_credvip.id and shop_credvip.sexo = 'masculino' order by id ")
(2009-09-07 09:48:40) mysql error: [1016: Can't open file: 'shop_credvip.ibd' (errno: 1)] in EXECUTE("Select *, shop_credvip.id as Nick, shop_credvip.id from shop_credvip where shop_credvip.id=shop_credvip.id and shop_credvip.sexo = 'feminino' order by id ")
(2009-09-07 09:52:23) mysql error: [1016: Can't open file: 'shop_credvip.ibd' (errno: 1)] in EXECUTE("Select *, shop_credvip.id as Nick, shop_credvip.id from shop_credvip where shop_credvip.id=shop_credvip.id and shop_credvip.sexo = 'masculino' order by id ")
(2009-09-07 10:45:02) mysql error: [: ] in CONNECT(localhost, '****', '****', gbwc)
(2009-09-07 11:45:02) mysql error: [: ] in CONNECT(localhost, '****', '****', gbwc)
(2009-09-07 11:45:06) mysql error: [: ] in CONNECT(localhost, '****', '****', gbwc)
(2009-09-07 11:47:38) mysql error: [: ] in CONNECT(localhost, '****', '****', gbwc)
(2009-09-07 11:47:38) mysql error: [: ] in CONNECT(localhost, '****', '****', gbwc)
(2009-09-07 11:47:39) mysql error: [: ] in CONNECT(localhost, '****', '****', gbwc)
(2009-09-07 11:47:39) mysql error: [: ] in CONNECT(localhost, '****', '****', gbwc)
(2009-09-07 11:47:39) mysql error: [: ] in CONNECT(localhost, '****', '****', gbwc)
(2009-09-07 11:47:39) mysql error: [: ] in CONNECT(localhost, '****', '****', gbwc)
(2009-09-07 11:47:40) mysql error: [: ] in CONNECT(localhost, '****', '****', gbwc)
(2009-09-07 11:47:40) mysql error: [: ] in CONNECT(localhost, '****', '****', gbwc)
(2009-09-07 11:47:40) mysql error: [: ] in CONNECT(localhost, '****', '****', gbwc)
(2009-09-07 11:47:40) mysql error: [: ] in CONNECT(localhost, '****', '****', gbwc)
(2009-09-07 11:47:40) mysql error: [: ] in CONNECT(localhost, '****', '****', gbwc)
(2009-09-07 11:47:40) mysql error: [: ] in CONNECT(localhost, '****', '****', gbwc)
(2009-09-07 11:47:40) mysql error: [: ] in CONNECT(localhost, '****', '****', gbwc)
(2009-09-07 11:47:40) mysql error: [: ] in CONNECT(localhost, '****', '****', gbwc)
(2009-09-07 11:47:40) mysql error: [: ] in CONNECT(localhost, '****', '****', gbwc)
(2009-09-07 11:47:40) mysql error: [: ] in CONNECT(localhost, '****', '****', gbwc)
(2009-09-07 11:47:40) mysql error: [: ] in CONNECT(localhost, '****', '****', gbwc)
(2009-09-07 11:47:41) mysql error: [: ] in CONNECT(localhost, '****', '****', gbwc)
(2009-09-07 11:47:41) mysql error: [: ] in CONNECT(localhost, '****', '****', gbwc)
(2009-09-07 11:47:41) mysql error: [: ] in CONNECT(localhost, '****', '****', gbwc)
(2009-09-07 11:47:41) mysql error: [: ] in CONNECT(localhost, '****', '****', gbwc)
(2009-09-07 11:47:41) mysql error: [: ] in CONNECT(localhost, '****', '****', gbwc)
(2009-09-07 11:47:41) mysql error: [: ] in CONNECT(localhost, '****', '****', gbwc)
(2009-09-07 11:47:41) mysql error: [: ] in CONNECT(localhost, '****', '****', gbwc)
(2009-09-07 11:47:41) mysql error: [: ] in CONNECT(localhost, '****', '****', gbwc)
(2009-09-07 11:47:41) mysql error: [: ] in CONNECT(localhost, '****', '****', gbwc)
(2009-09-07 11:47:41) mysql error: [: ] in CONNECT(localhost, '****', '****', gbwc)
(2009-09-07 11:47:41) mysql error: [: ] in CONNECT(localhost, '****', '****', gbwc)
(2009-09-07 11:47:41) mysql error: [: ] in CONNECT(localhost, '****', '****', gbwc)
(2009-09-07 11:47:41) mysql error: [: ] in CONNECT(localhost, '****', '****', gbwc)
(2009-09-07 11:47:42) mysql error: [: ] in CONNECT(localhost, '****', '****', gbwc)
(2009-09-07 11:47:42) mysql error: [: ] in CONNECT(localhost, '****', '****', gbwc)
(2009-09-07 11:47:42) mysql error: [: ] in CONNECT(localhost, '****', '****', gbwc)
(2009-09-07 11:47:42) mysql error: [: ] in CONNECT(localhost, '****', '****', gbwc)
(2009-09-07 11:47:42) mysql error: [: ] in CONNECT(localhost, '****', '****', gbwc)
(2009-09-07 11:47:42) mysql error: [: ] in CONNECT(localhost, '****', '****', gbwc)
(2009-09-07 11:47:42) mysql error: [: ] in CONNECT(localhost, '****', '****', gbwc)
(2009-09-07 11:47:42) mysql error: [: ] in CONNECT(localhost, '****', '****', gbwc)
(2009-09-07 11:47:42) mysql error: [: ] in CONNECT(localhost, '****', '****', gbwc)
(2009-09-07 11:47:42) mysql error: [: ] in CONNECT(localhost, '****', '****', gbwc)
(2009-09-07 11:47:43) mysql error: [: ] in CONNECT(localhost, '****', '****', gbwc)
(2009-09-07 11:47:43) mysql error: [: ] in CONNECT(localhost, '****', '****', gbwc)
(2009-09-07 11:47:43) mysql error: [: ] in CONNECT(localhost, '****', '****', gbwc)
(2009-09-07 11:47:43) mysql error: [: ] in CONNECT(localhost, '****', '****', gbwc)
(2009-09-07 11:47:44) mysql error: [: ] in CONNECT(localhost, '****', '****', gbwc)
(2009-09-07 11:47:44) mysql error: [: ] in CONNECT(localhost, '****', '****', gbwc)
(2009-09-07 11:47:44) mysql error: [: ] in CONNECT(localhost, '****', '****', gbwc)
(2009-09-07 11:47:44) mysql error: [: ] in CONNECT(localhost, '****', '****', gbwc)
(2009-09-07 11:47:44) mysql error: [: ] in CONNECT(localhost, '****', '****', gbwc)
(2009-09-07 11:47:44) mysql error: [: ] in CONNECT(localhost, '****', '****', gbwc)
(2009-09-07 11:47:44) mysql error: [: ] in CONNECT(localhost, '****', '****', gbwc)
(2009-09-07 11:47:44) mysql error: [: ] in CONNECT(localhost, '****', '****', gbwc)
(2009-09-07 11:47:45) mysql error: [: ] in CONNECT(localhost, '****', '****', gbwc)
(2009-09-07 11:47:49) mysql error: [: ] in CONNECT(localhost, '****', '****', gbwc)
(2009-09-07 11:47:51) mysql error: [: ] in CONNECT(localhost, '****', '****', gbwc)
(2009-09-07 11:49:26) mysql error: [: ] in CONNECT(localhost, '****', '****', gbwc)
(2009-09-07 11:49:37) mysql error: [: ] in CONNECT(localhost, '****', '****', gbwc)
(2009-09-07 11:49:37) mysql error: [: ] in CONNECT(localhost, '****', '****', gbwc)
(2009-09-07 11:49:39) mysql error: [: ] in CONNECT(localhost, '****', '****', gbwc)
(2009-09-07 11:49:40) mysql error: [: ] in CONNECT(localhost, '****', '****', gbwc)
(2009-09-07 11:50:26) mysql error: [: ] in CONNECT(localhost, '****', '****', gbwc)
(2009-09-07 11:50:26) mysql error: [: ] in CONNECT(localhost, '****', '****', gbwc)
(2009-09-07 11:50:26) mysql error: [: ] in CONNECT(localhost, '****', '****', gbwc)
(2009-09-07 11:50:26) mysql error: [: ] in CONNECT(localhost, '****', '****', gbwc)
(2009-09-07 11:50:35) mysql error: [: ] in CONNECT(localhost, '****', '****', gbwc)
(2009-09-07 11:50:37) mysql error: [: ] in CONNECT(localhost, '****', '****', gbwc)
(2009-09-07 11:50:37) mysql error: [: ] in CONNECT(localhost, '****', '****', gbwc)
(2009-09-07 11:50:42) mysql error: [: ] in CONNECT(localhost, '****', '****', gbwc)
(2009-09-07 11:50:48) mysql error: [: ] in CONNECT(localhost, '****', '****', gbwc)
(2009-09-07 11:51:06) mysql error: [: ] in CONNECT(localhost, '****', '****', gbwc)
(2009-09-07 11:51:07) mysql error: [: ] in CONNECT(localhost, '****', '****', gbwc)
(2009-09-07 11:51:10) mysql error: [: ] in CONNECT(localhost, '****', '****', gbwc)
(2009-09-07 11:51:10) mysql error: [: ] in CONNECT(localhost, '****', '****', gbwc)
(2009-09-07 11:51:10) mysql error: [: ] in CONNECT(localhost, '****', '****', gbwc)
(2009-09-07 11:51:16) mysql error: [: ] in CONNECT(localhost, '****', '****', gbwc)
(2009-09-07 11:51:17) mysql error: [: ] in CONNECT(localhost, '****', '****', gbwc)
(2009-09-07 11:51:18) mysql error: [: ] in CONNECT(localhost, '****', '****', gbwc)
(2009-09-07 11:51:21) mysql error: [: ] in CONNECT(localhost, '****', '****', gbwc)
(2009-09-07 11:51:23) mysql error: [: ] in CONNECT(localhost, '****', '****', gbwc)
(2009-09-07 11:51:23) mysql error: [: ] in CONNECT(localhost, '****', '****', gbwc)
(2009-09-07 11:51:24) mysql error: [: ] in CONNECT(localhost, '****', '****', gbwc)
(2009-09-07 11:51:24) mysql error: [: ] in CONNECT(localhost, '****', '****', gbwc)
(2009-09-07 11:51:25) mysql error: [: ] in CONNECT(localhost, '****', '****', gbwc)
(2009-09-07 11:51:33) mysql error: [: ] in CONNECT(localhost, '****', '****', gbwc)
(2009-09-07 11:51:43) mysql error: [: ] in CONNECT(localhost, '****', '****', gbwc)
(2009-09-07 11:51:44) mysql error: [: ] in CONNECT(localhost, '****', '****', gbwc)
(2009-09-07 11:51:45) mysql error: [: ] in CONNECT(localhost, '****', '****', gbwc)
(2009-09-07 11:51:47) mysql error: [: ] in CONNECT(localhost, '****', '****', gbwc)
(2009-09-07 11:51:47) mysql error: [: ] in CONNECT(localhost, '****', '****', gbwc)
(2009-09-07 11:51:48) mysql error: [: ] in CONNECT(localhost, '****', '****', gbwc)
(2009-09-07 11:51:50) mysql error: [: ] in CONNECT(localhost, '****', '****', gbwc)
(2009-09-07 11:51:53) mysql error: [: ] in CONNECT(localhost, '****', '****', gbwc)
(2009-09-07 11:51:57) mysql error: [: ] in CONNECT(localhost, '****', '****', gbwc)
(2009-09-07 11:52:20) mysql error: [: ] in CONNECT(localhost, '****', '****', gbwc)
(2009-09-07 11:52:20) mysql error: [: ] in CONNECT(localhost, '****', '****', gbwc)
(2009-09-07 11:52:20) mysql error: [: ] in CONNECT(localhost, '****', '****', gbwc)
(2009-09-07 11:52:25) mysql error: [: ] in CONNECT(localhost, '****', '****', gbwc)
(2009-09-07 11:52:25) mysql error: [: ] in CONNECT(localhost, '****', '****', gbwc)
(2009-09-07 11:52:33) mysql error: [: ] in CONNECT(localhost, '****', '****', gbwc)
(2009-09-07 11:52:44) mysql error: [: ] in CONNECT(localhost, '****', '****', gbwc)
(2009-09-07 11:52:45) mysql error: [: ] in CONNECT(localhost, '****', '****', gbwc)
(2009-09-07 11:53:26) mysql error: [: ] in CONNECT(localhost, '****', '****', gbwc)
(2009-09-07 11:53:33) mysql error: [: ] in CONNECT(localhost, '****', '****', gbwc)
(2009-09-07 11:53:33) mysql error: [: ] in CONNECT(localhost, '****', '****', gbwc)
(2009-09-07 11:53:34) mysql error: [: ] in CONNECT(localhost, '****', '****', gbwc)
(2009-09-07 11:53:40) mysql error: [: ] in CONNECT(localhost, '****', '****', gbwc)
(2009-09-07 11:53:44) mysql error: [: ] in CONNECT(localhost, '****', '****', gbwc)
(2009-09-07 11:53:50) mysql error: [: ] in CONNECT(localhost, '****', '****', gbwc)
(2009-09-07 11:53:50) mysql error: [: ] in CONNECT(localhost, '****', '****', gbwc)
(2009-09-07 11:54:39) mysql error: [: ] in CONNECT(localhost, '****', '****', gbwc)
(2009-09-07 11:54:39) mysql error: [: ] in CONNECT(localhost, '****', '****', gbwc)
(2009-09-07 11:54:47) mysql error: [: ] in CONNECT(localhost, '****', '****', gbwc)
(2009-09-07 11:54:48) mysql error: [: ] in CONNECT(localhost, '****', '****', gbwc)
(2009-09-07 11:54:49) mysql error: [: ] in CONNECT(localhost, '****', '****', gbwc)
(2009-09-07 11:54:49) mysql error: [: ] in CONNECT(localhost, '****', '****', gbwc)
(2009-09-07 11:55:11) mysql error: [: ] in CONNECT(localhost, '****', '****', gbwc)
(2009-09-07 11:55:15) mysql error: [: ] in CONNECT(localhost, '****', '****', gbwc)
(2009-09-07 11:55:15) mysql error: [: ] in CONNECT(localhost, '****', '****', gbwc)
(2009-09-07 11:55:18) mysql error: [: ] in CONNECT(localhost, '****', '****', gbwc)
(2009-09-07 11:55:19) mysql error: [: ] in CONNECT(localhost, '****', '****', gbwc)
(2009-09-07 11:56:55) mysql error: [: ] in CONNECT(localhost, '****', '****', gbwc)
(2009-09-07 11:56:56) mysql error: [: ] in CONNECT(localhost, '****', '****', gbwc)
(2009-09-07 11:56:58) mysql error: [: ] in CONNECT(localhost, '****', '****', gbwc)
(2009-09-07 11:56:59) mysql error: [: ] in CONNECT(localhost, '****', '****', gbwc)
(2009-09-07 11:57:02) mysql error: [: ] in CONNECT(localhost, '****', '****', gbwc)
(2009-09-07 11:57:03) mysql error: [: ] in CONNECT(localhost, '****', '****', gbwc)
(2009-09-07 11:57:35) mysql error: [: ] in CONNECT(localhost, '****', '****', gbwc)
(2009-09-07 11:57:35) mysql error: [: ] in CONNECT(localhost, '****', '****', gbwc)
(2009-09-07 11:57:40) mysql error: [: ] in CONNECT(localhost, '****', '****', gbwc)
(2009-09-07 11:58:40) mysql error: [: ] in CONNECT(localhost, '****', '****', gbwc)
(2009-09-07 11:58:41) mysql error: [: ] in CONNECT(localhost, '****', '****', gbwc)
(2009-09-07 11:58:42) mysql error: [: ] in CONNECT(localhost, '****', '****', gbwc)
(2009-09-07 11:58:46) mysql error: [: ] in CONNECT(localhost, '****', '****', gbwc)
(2009-09-07 11:58:53) mysql error: [: ] in CONNECT(localhost, '****', '****', gbwc)
(2009-09-07 11:58:53) mysql error: [: ] in CONNECT(localhost, '****', '****', gbwc)
(2009-09-07 11:59:38) mysql error: [: ] in CONNECT(localhost, '****', '****', gbwc)
(2009-09-07 12:00:25) mysql error: [: ] in CONNECT(localhost, '****', '****', gbwc)
(2009-09-07 12:00:26) mysql error: [: ] in CONNECT(localhost, '****', '****', gbwc)
(2009-09-07 12:00:29) mysql error: [: ] in CONNECT(localhost, '****', '****', gbwc)
(2009-09-07 12:00:30) mysql error: [: ] in CONNECT(localhost, '****', '****', gbwc)
(2009-09-07 12:00:32) mysql error: [: ] in CONNECT(localhost, '****', '****', gbwc)
(2009-09-07 12:00:35) mysql error: [: ] in CONNECT(localhost, '****', '****', gbwc)
(2009-09-07 12:00:39) mysql error: [: ] in CONNECT(localhost, '****', '****', gbwc)
(2009-09-07 12:00:48) mysql error: [: ] in CONNECT(localhost, '****', '****', gbwc)
(2009-09-07 12:00:54) mysql error: [: ] in CONNECT(localhost, '****', '****', gbwc)
(2009-09-07 12:00:57) mysql error: [: ] in CONNECT(localhost, '****', '****', gbwc)
(2009-09-07 12:01:02) mysql error: [: ] in CONNECT(localhost, '****', '****', gbwc)
(2009-09-07 12:01:03) mysql error: [: ] in CONNECT(localhost, '****', '****', gbwc)
(2009-09-07 12:01:03) mysql error: [: ] in CONNECT(localhost, '****', '****', gbwc)
(2009-09-07 12:01:18) mysql error: [: ] in CONNECT(localhost, '****', '****', gbwc)
(2009-09-07 12:01:27) mysql error: [: ] in CONNECT(localhost, '****', '****', gbwc)
(2009-09-07 12:01:30) mysql error: [: ] in CONNECT(localhost, '****', '****', gbwc)
(2009-09-07 12:01:30) mysql error: [: ] in CONNECT(localhost, '****', '****', gbwc)
(2009-09-07 12:01:34) mysql error: [: ] in CONNECT(localhost, '****', '****', gbwc)
(2009-09-07 12:02:14) mysql error: [: ] in CONNECT(localhost, '****', '****', gbwc)
(2009-09-07 12:02:23) mysql error: [: ] in CONNECT(localhost, '****', '****', gbwc)
(2009-09-07 12:02:52) mysql error: [: ] in CONNECT(localhost, '****', '****', gbwc)
(2009-09-07 12:02:58) mysql error: [: ] in CONNECT(localhost, '****', '****', gbwc)
(2009-09-07 12:02:59) mysql error: [: ] in CONNECT(localhost, '****', '****', gbwc)
(2009-09-07 12:03:16) mysql error: [: ] in CONNECT(localhost, '****', '****', gbwc)
(2009-09-07 12:03:19) mysql error: [: ] in CONNECT(localhost, '****', '****', gbwc)
(2009-09-07 12:03:26) mysql error: [: ] in CONNECT(localhost, '****', '****', gbwc)
(2009-09-07 12:03:31) mysql error: [: ] in CONNECT(localhost, '****', '****', gbwc)
(2009-09-07 12:03:48) mysql error: [: ] in CONNECT(localhost, '****', '****', gbwc)
(2009-09-07 12:03:49) mysql error: [: ] in CONNECT(localhost, '****', '****', gbwc)
(2009-09-07 12:04:02) mysql error: [: ] in CONNECT(localhost, '****', '****', gbwc)
(2009-09-07 12:04:03) mysql error: [: ] in CONNECT(localhost, '****', '****', gbwc)
(2009-09-07 12:04:03) mysql error: [: ] in CONNECT(localhost, '****', '****', gbwc)
(2009-09-07 12:04:07) mysql error: [: ] in CONNECT(localhost, '****', '****', gbwc)
(2009-09-07 12:04:08) mysql error: [: ] in CONNECT(localhost, '****', '****', gbwc)
(2009-09-07 12:04:09) mysql error: [: ] in CONNECT(localhost, '****', '****', gbwc)
(2009-09-07 12:04:11) mysql error: [: ] in CONNECT(localhost, '****', '****', gbwc)
(2009-09-07 12:04:13) mysql error: [: ] in CONNECT(localhost, '****', '****', gbwc)
(2009-09-07 12:04:23) mysql error: [: ] in CONNECT(localhost, '****', '****', gbwc)
(2009-09-07 12:04:30) mysql error: [: ] in CONNECT(localhost, '****', '****', gbwc)
(2009-09-07 12:04:32) mysql error: [: ] in CONNECT(localhost, '****', '****', gbwc)
(2009-09-07 12:04:33) mysql error: [: ] in CONNECT(localhost, '****', '****', gbwc)
(2009-09-07 12:04:34) mysql error: [: ] in CONNECT(localhost, '****', '****', gbwc)
(2009-09-07 12:04:37) mysql error: [: ] in CONNECT(localhost, '****', '****', gbwc)
(2009-09-07 12:04:40) mysql error: [: ] in CONNECT(localhost, '****', '****', gbwc)
(2009-09-07 12:04:40) mysql error: [: ] in CONNECT(localhost, '****', '****', gbwc)
(2009-09-07 12:04:54) mysql error: [: ] in CONNECT(localhost, '****', '****', gbwc)
(2009-09-07 12:04:57) mysql error: [: ] in CONNECT(localhost, '****', '****', gbwc)
(2009-09-07 12:05:01) mysql error: [: ] in CONNECT(localhost, '****', '****', gbwc)
(2009-09-07 12:05:02) mysql error: [: ] in CONNECT(localhost, '****', '****', gbwc)
(2009-09-07 12:05:05) mysql error: [: ] in CONNECT(localhost, '****', '****', gbwc)
(2009-09-07 12:05:08) mysql error: [: ] in CONNECT(localhost, '****', '****', gbwc)
(2009-09-07 12:05:09) mysql error: [: ] in CONNECT(localhost, '****', '****', gbwc)
(2009-09-07 12:05:09) mysql error: [: ] in CONNECT(localhost, '****', '****', gbwc)
(2009-09-07 12:05:11) mysql error: [: ] in CONNECT(localhost, '****', '****', gbwc)
(2009-09-07 12:05:12) mysql error: [: ] in CONNECT(localhost, '****', '****', gbwc)
(2009-09-07 12:05:13) mysql error: [: ] in CONNECT(localhost, '****', '****', gbwc)
(2009-09-07 12:05:14) mysql error: [: ] in CONNECT(localhost, '****', '****', gbwc)
(2009-09-07 12:05:30) mysql error: [: ] in CONNECT(localhost, '****', '****', gbwc)
(2009-09-07 12:05:32) mysql error: [: ] in CONNECT(localhost, '****', '****', gbwc)
(2009-09-07 12:05:40) mysql error: [: ] in CONNECT(localhost, '****', '****', gbwc)
(2009-09-07 12:05:46) mysql error: [: ] in CONNECT(localhost, '****', '****', gbwc)
(2009-09-07 12:05:49) mysql error: [: ] in CONNECT(localhost, '****', '****', gbwc)
(2009-09-07 12:05:52) mysql error: [: ] in CONNECT(localhost, '****', '****', gbwc)
(2009-09-07 12:05:54) mysql error: [: ] in CONNECT(localhost, '****', '****', gbwc)
(2009-09-07 12:05:55) mysql error: [: ] in CONNECT(localhost, '****', '****', gbwc)
(2009-09-07 12:05:57) mysql error: [: ] in CONNECT(localhost, '****', '****', gbwc)
(2009-09-07 12:05:58) mysql error: [: ] in CONNECT(localhost, '****', '****', gbwc)
(2009-09-07 12:06:00) mysql error: [: ] in CONNECT(localhost, '****', '****', gbwc)
(2009-09-07 12:06:44) mysql error: [: ] in CONNECT(localhost, '****', '****', gbwc)
(2009-09-07 12:06:46) mysql error: [: ] in CONNECT(localhost, '****', '****', gbwc)
(2009-09-07 12:06:47) mysql error: [: ] in CONNECT(localhost, '****', '****', gbwc)
(2009-09-07 12:06:51) mysql error: [: ] in CONNECT(localhost, '****', '****', gbwc)
(2009-09-07 12:06:51) mysql error: [: ] in CONNECT(localhost, '****', '****', gbwc)
(2009-09-07 12:06:53) mysql error: [: ] in CONNECT(localhost, '****', '****', gbwc)
(2009-09-07 12:06:53) mysql error: [: ] in CONNECT(localhost, '****', '****', gbwc)
(2009-09-07 12:06:54) mysql error: [: ] in CONNECT(localhost, '****', '****', gbwc)
(2009-09-07 12:06:56) mysql error: [: ] in CONNECT(localhost, '****', '****', gbwc)
(2009-09-07 12:06:58) mysql error: [: ] in CONNECT(localhost, '****', '****', gbwc)
(2009-09-07 12:06:58) mysql error: [: ] in CONNECT(localhost, '****', '****', gbwc)
(2009-09-07 12:06:59) mysql error: [: ] in CONNECT(localhost, '****', '****', gbwc)
(2009-09-07 12:07:00) mysql error: [: ] in CONNECT(localhost, '****', '****', gbwc)
(2009-09-07 12:07:02) mysql error: [: ] in CONNECT(localhost, '****', '****', gbwc)
(2009-09-07 12:07:03) mysql error: [: ] in CONNECT(localhost, '****', '****', gbwc)
(2009-09-07 12:07:03) mysql error: [: ] in CONNECT(localhost, '****', '****', gbwc)
(2009-09-07 12:07:06) mysql error: [: ] in CONNECT(localhost, '****', '****', gbwc)
(2009-09-07 12:07:07) mysql error: [: ] in CONNECT(localhost, '****', '****', gbwc)
(2009-09-07 12:07:08) mysql error: [: ] in CONNECT(localhost, '****', '****', gbwc)
(2009-09-07 12:07:08) mysql error: [: ] in CONNECT(localhost, '****', '****', gbwc)
(2009-09-07 12:07:09) mysql error: [: ] in CONNECT(localhost, '****', '****', gbwc)
(2009-09-07 12:07:11) mysql error: [: ] in CONNECT(localhost, '****', '****', gbwc)
(2009-09-07 12:07:13) mysql error: [: ] in CONNECT(localhost, '****', '****', gbwc)
(2009-09-07 12:07:21) mysql error: [: ] in CONNECT(localhost, '****', '****', gbwc)
(2009-09-07 12:07:24) mysql error: [: ] in CONNECT(localhost, '****', '****', gbwc)
(2009-09-07 12:07:26) mysql error: [: ] in CONNECT(localhost, '****', '****', gbwc)
(2009-09-07 12:07:32) mysql error: [: ] in CONNECT(localhost, '****', '****', gbwc)
(2009-09-07 12:07:44) mysql error: [: ] in CONNECT(localhost, '****', '****', gbwc)
(2009-09-07 12:07:54) mysql error: [: ] in CONNECT(localhost, '****', '****', gbwc)
(2009-09-07 12:07:54) mysql error: [: ] in CONNECT(localhost, '****', '****', gbwc)
(2009-09-07 12:07:55) mysql error: [: ] in CONNECT(localhost, '****', '****', gbwc)
(2009-09-07 12:07:58) mysql error: [: ] in CONNECT(localhost, '****', '****', gbwc)
(2009-09-07 12:08:03) mysql error: [: ] in CONNECT(localhost, '****', '****', gbwc)
(2009-09-07 12:08:11) mysql error: [: ] in CONNECT(localhost, '****', '****', gbwc)
(2009-09-07 12:08:15) mysql error: [: ] in CONNECT(localhost, '****', '****', gbwc)
(2009-09-07 12:08:59) mysql error: [: ] in CONNECT(localhost, '****', '****', gbwc)
(2009-09-07 12:09:00) mysql error: [: ] in CONNECT(localhost, '****', '****', gbwc)
(2009-09-07 12:09:03) mysql error: [: ] in CONNECT(localhost, '****', '****', gbwc)
(2009-09-07 12:09:06) mysql error: [: ] in CONNECT(localhost, '****', '****', gbwc)
(2009-09-07 12:09:06) mysql error: [: ] in CONNECT(localhost, '****', '****', gbwc)
(2009-09-07 12:09:09) mysql error: [: ] in CONNECT(localhost, '****', '****', gbwc)
(2009-09-07 12:09:12) mysql error: [: ] in CONNECT(localhost, '****', '****', gbwc)
(2009-09-07 12:09:25) mysql error: [: ] in CONNECT(localhost, '****', '****', gbwc)
(2009-09-07 12:11:09) mysql error: [: ] in CONNECT(localhost, '****', '****', gbwc)
(2009-09-07 12:11:09) mysql error: [: ] in CONNECT(localhost, '****', '****', gbwc)
(2009-09-07 12:11:10) mysql error: [: ] in CONNECT(localhost, '****', '****', gbwc)
(2009-09-07 12:11:10) mysql error: [: ] in CONNECT(localhost, '****', '****', gbwc)
(2009-09-07 12:11:10) mysql error: [: ] in CONNECT(localhost, '****', '****', gbwc)
(2009-09-07 12:11:10) mysql error: [: ] in CONNECT(localhost, '****', '****', gbwc)
(2009-09-07 12:11:10) mysql error: [: ] in CONNECT(localhost, '****', '****', gbwc)
(2009-09-07 12:11:10) mysql error: [: ] in CONNECT(localhost, '****', '****', gbwc)
(2009-09-07 12:11:10) mysql error: [: ] in CONNECT(localhost, '****', '****', gbwc)
(2009-09-07 12:11:11) mysql error: [: ] in CONNECT(localhost, '****', '****', gbwc)
(2009-09-07 12:11:11) mysql error: [: ] in CONNECT(localhost, '****', '****', gbwc)
(2009-09-07 12:11:12) mysql error: [: ] in CONNECT(localhost, '****', '****', gbwc)
(2009-09-07 12:11:12) mysql error: [: ] in CONNECT(localhost, '****', '****', gbwc)
(2009-09-07 12:11:13) mysql error: [: ] in CONNECT(localhost, '****', '****', gbwc)
(2009-09-07 12:11:13) mysql error: [: ] in CONNECT(localhost, '****', '****', gbwc)
(2009-09-07 12:11:13) mysql error: [: ] in CONNECT(localhost, '****', '****', gbwc)
(2009-09-07 12:11:13) mysql error: [: ] in CONNECT(localhost, '****', '****', gbwc)
(2009-09-07 12:11:13) mysql error: [: ] in CONNECT(localhost, '****', '****', gbwc)
(2009-09-07 12:14:47) mysql error: [: ] in CONNECT(localhost, '****', '****', gbwc)
(2009-09-07 12:14:47) mysql error: [: ] in CONNECT(localhost, '****', '****', gbwc)
(2009-09-07 12:14:48) mysql error: [: ] in CONNECT(localhost, '****', '****', gbwc)
(2009-09-07 12:22:53) mysql error: [1048: Column 'Title' cannot be null] in EXECUTE("Insert into `forumlivre2` (`Title`,`Comment`, `Author`, `NickName`, `CountryGrade`, `signforum`, `Date`,`Msg_Id`) VALUES (NULL,NULL,'Plaaysson','lTrakinas','8','','2009-09-07 12:22:53','10')")
(2009-09-07 12:45:05) mysql error: [: ] in CONNECT(localhost, '****', '****', gbwc)
(2009-09-07 12:45:07) mysql error: [: ] in CONNECT(localhost, '****', '****', gbwc)
(2009-09-07 12:45:08) mysql error: [: ] in CONNECT(localhost, '****', '****', gbwc)
(2009-09-07 13:15:05) mysql error: [: ] in CONNECT(localhost, '****', '****', gbwc)
(2009-09-07 13:15:09) mysql error: [: ] in CONNECT(localhost, '****', '****', gbwc)
(2009-09-07 14:15:01) mysql error: [: ] in CONNECT(localhost, '****', '****', gbwc)
(2009-09-07 14:15:02) mysql error: [: ] in CONNECT(localhost, '****', '****', gbwc)
(2009-09-07 14:15:04) mysql error: [: ] in CONNECT(localhost, '****', '****', gbwc)
(2009-09-07 14:22:13) mysql error: [1048: Column 'Title' cannot be null] in EXECUTE("Insert into `forumlivre` (`Title`,`Text`,`Text2`,`Author`,`NickName`,`CountryGrade`,`signforum`,`class`,`Date`,`Comments`) VALUES (NULL,NULL,NULL,'rafaxd13','FranGatinho','0','',NULL,'2009-09-07 14:22:13',0)")
(2009-09-07 14:22:14) mysql error: [1048: Column 'Title' cannot be null] in EXECUTE("Insert into `forumlivre` (`Title`,`Text`,`Text2`,`Author`,`NickName`,`CountryGrade`,`signforum`,`class`,`Date`,`Comments`) VALUES (NULL,NULL,NULL,'rafaxd13','FranGatinho','0','',NULL,'2009-09-07 14:22:14',0)")
(2009-09-07 14:29:15) mysql error: [1016: Can't open file: 'shop_credvip.ibd' (errno: 1)] in EXECUTE("insert into `shop_credvip`(nome, sexo, creditos, cash, avt, avt1, avt2, avt3, avt4, avt5, duracao, cabeca, corpo, bandeira, oculos, ex, ex2) values ('Vip Simples', 'masculino', '300', '30000', '', '', '229681', '163948', '205039', '', '30', '', '', 'Raon Launcher', 'White Phoenix', 'Volcano 2007', '')")
(2009-09-07 14:29:44) mysql error: [1016: Can't open file: 'shop_credvip.ibd' (errno: 1)] in EXECUTE("Select *, shop_credvip.id as Nick, shop_credvip.id from shop_credvip where shop_credvip.id=shop_credvip.id and shop_credvip.sexo = 'masculino' order by id ")
(2009-09-07 14:32:01) mysql error: [1016: Can't open file: 'shop_credvip.ibd' (errno: 1)] in EXECUTE("Select *, shop_credvip.id as Nick, shop_credvip.id from shop_credvip where shop_credvip.id=shop_credvip.id and shop_credvip.sexo = 'masculino' order by id ")
(2009-09-07 14:32:08) mysql error: [1016: Can't open file: 'shop_credvip.ibd' (errno: 1)] in EXECUTE("Select *, shop_credvip.id as Nick, shop_credvip.id from shop_credvip where shop_credvip.id=shop_credvip.id and shop_credvip.sexo = 'feminino' order by id ")
(2009-09-07 14:32:10) mysql error: [1016: Can't open file: 'shop_credvip.ibd' (errno: 1)] in EXECUTE("Select *, shop_credvip.id as Nick, shop_credvip.id from shop_credvip where shop_credvip.id=shop_credvip.id and shop_credvip.sexo = 'masculino' order by id ")
(2009-09-07 14:35:53) mysql error: [1016: Can't open file: 'shop_credvip.ibd' (errno: 1)] in EXECUTE("insert into `shop_credvip`(nome, sexo, creditos, cash, avt, avt1, avt2, avt3, avt4, avt5, duracao, cabeca, corpo, bandeira, oculos, ex, ex2) values ('Vip Simples', 'masculino', '300', '30000', '', '', '229681', '163948', '205039', '', '30', '', '', 'Raon Launcher', 'White Phoenix', 'Volcano 2007', '')")
(2009-09-07 14:39:49) mysql error: [1016: Can't open file: 'shop_credvip.ibd' (errno: 1)] in EXECUTE("insert into `shop_credvip`(nome, sexo, creditos, cash, avt, avt1, avt2, avt3, avt4, avt5, duracao, cabeca, corpo, bandeira, oculos, ex, ex2) values ('Vip Simples', 'masculino', '300', '30000', '', '', '229681', '163948', '205039', '', '30', '', '', 'Raon Launcher', 'White Phoenix', 'Volcano 2007', '')")
(2009-09-07 14:40:12) mysql error: [1016: Can't open file: 'shop_credvip.ibd' (errno: 1)] in EXECUTE("insert into `shop_credvip`(nome, sexo, creditos, cash, avt, avt1, avt2, avt3, avt4, avt5, duracao, cabeca, corpo, bandeira, oculos, ex, ex2) values ('Vip Simples', 'masculino', '300', '30000', '', '', '229681', '163948', '205039', '', '30', '', '', 'Raon Launcher', 'White Phoenix', 'Volcano 2007', '')")
(2009-09-07 14:42:33) mysql error: [1016: Can't open file: 'shop_credvip.ibd' (errno: 1)] in EXECUTE("insert into `shop_credvip`(nome, sexo, creditos, cash, avt, avt1, avt2, avt3, avt4, avt5, duracao, cabeca, corpo, bandeira, oculos, ex, ex2) values ('Vip Simples', 'masculino', '300', '30000', '', '', '229681', '163948', '205039', '', '30', '', '', 'Raon Launcher', 'White Phoenix', 'Volcano 2007', '')")
(2009-09-07 14:48:39) mysql error: [1016: Can't open file: 'shop_credvip.ibd' (errno: 1)] in EXECUTE("Select *, shop_credvip.id as Nick, shop_credvip.id from shop_credvip where shop_credvip.id=shop_credvip.id and shop_credvip.sexo = 'masculino' order by id ")
(2009-09-07 15:15:06) mysql error: [: ] in CONNECT(localhost, '****', '****', gbwc)
(2009-09-07 15:33:16) mysql error: [1048: Column 'Title' cannot be null] in EXECUTE("Insert into `forumlivre2` (`Title`,`Comment`, `Author`, `NickName`, `CountryGrade`, `signforum`, `Date`,`Msg_Id`) VALUES (NULL,NULL,'owarann','SeoulPlaer','20','','2009-09-07 15:33:16','13')")
(2009-09-07 15:34:33) mysql error: [1048: Column 'Title' cannot be null] in EXECUTE("Insert into `forumlivre2` (`Title`,`Comment`, `Author`, `NickName`, `CountryGrade`, `signforum`, `Date`,`Msg_Id`) VALUES (NULL,NULL,'owarann','SeoulPlaer','20','','2009-09-07 15:34:33','12')")
(2009-09-07 15:57:48) mysql error: [1016: Can't open file: 'shop_credvip.ibd' (errno: 1)] in EXECUTE("Select *, shop_credvip.id as Nick, shop_credvip.id from shop_credvip where shop_credvip.id=shop_credvip.id and shop_credvip.sexo = 'masculino' order by id ")
(2009-09-07 16:45:49) mysql error: [1016: Can't open file: 'shop_credvip.ibd' (errno: 1)] in EXECUTE("Select *, shop_credvip.id as Nick, shop_credvip.id from shop_credvip where shop_credvip.id=shop_credvip.id and shop_credvip.sexo = 'masculino' order by id ")
(2009-09-07 16:45:54) mysql error: [1016: Can't open file: 'shop_credvip.ibd' (errno: 1)] in EXECUTE("Select *, shop_credvip.id as Nick, shop_credvip.id from shop_credvip where shop_credvip.id=shop_credvip.id and shop_credvip.sexo = 'masculino' order by id ")
(2009-09-07 16:45:54) mysql error: [1016: Can't open file: 'shop_credvip.ibd' (errno: 1)] in EXECUTE("Select *, shop_credvip.id as Nick, shop_credvip.id from shop_credvip where shop_credvip.id=shop_credvip.id and shop_credvip.sexo = 'masculino' order by id ")
(2009-09-07 16:45:55) mysql error: [1016: Can't open file: 'shop_credvip.ibd' (errno: 1)] in EXECUTE("Select *, shop_credvip.id as Nick, shop_credvip.id from shop_credvip where shop_credvip.id=shop_credvip.id and shop_credvip.sexo = 'masculino' order by id ")
(2009-09-07 16:45:55) mysql error: [1016: Can't open file: 'shop_credvip.ibd' (errno: 1)] in EXECUTE("Select *, shop_credvip.id as Nick, shop_credvip.id from shop_credvip where shop_credvip.id=shop_credvip.id and shop_credvip.sexo = 'masculino' order by id ")
(2009-09-07 16:46:03) mysql error: [1016: Can't open file: 'shop_credvip.ibd' (errno: 1)] in EXECUTE("Select *, shop_credvip.id as Nick, shop_credvip.id from shop_credvip where shop_credvip.id=shop_credvip.id and shop_credvip.sexo = 'masculino' order by id ")
(2009-09-07 17:14:49) mysql error: [: ] in CONNECT(localhost, '****', '****', gbwc)
(2009-09-07 17:15:05) mysql error: [: ] in CONNECT(localhost, '****', '****', gbwc)
(2009-09-07 17:15:09) mysql error: [: ] in CONNECT(localhost, '****', '****', gbwc)
(2009-09-07 17:29:09) mysql error: [: ] in CONNECT(localhost, '****', '****', gbwc)
(2009-09-07 17:29:15) mysql error: [: ] in CONNECT(localhost, '****', '****', gbwc)
(2009-09-07 17:29:18) mysql error: [: ] in CONNECT(localhost, '****', '****', gbwc)
(2009-09-07 17:45:05) mysql error: [: ] in CONNECT(localhost, '****', '****', gbwc)
(2009-09-07 18:45:05) mysql error: [: ] in CONNECT(localhost, '****', '****', gbwc)
(2009-09-07 18:45:09) mysql error: [: ] in CONNECT(localhost, '****', '****', gbwc)
(2009-09-07 20:15:05) mysql error: [: ] in CONNECT(localhost, '****', '****', gbwc)
(2009-09-07 20:15:06) mysql error: [: ] in CONNECT(localhost, '****', '****', gbwc)
(2009-09-07 20:15:08) mysql error: [: ] in CONNECT(localhost, '****', '****', gbwc)
(2009-09-07 20:45:05) mysql error: [: ] in CONNECT(localhost, '****', '****', gbwc)
(2009-09-07 20:54:45) mysql error: [1048: Column 'Title' cannot be null] in EXECUTE("Insert into `forumlivre` (`Title`,`Text`,`Text2`,`Author`,`NickName`,`CountryGrade`,`signforum`,`class`,`Date`,`Comments`) VALUES (NULL,NULL,NULL,'CrueLLyT','NoCoMenTz','1','',NULL,'2009-09-07 20:54:45',0)")
(2009-09-07 20:55:06) mysql error: [1016: Can't open file: 'shop_credvip.ibd' (errno: 1)] in EXECUTE("Select *, shop_credvip.id as Nick, shop_credvip.id from shop_credvip where shop_credvip.id=shop_credvip.id and shop_credvip.sexo = 'masculino' order by id ")
(2009-09-07 21:09:23) mysql error: [1016: Can't open file: 'shop_credvip.ibd' (errno: 1)] in EXECUTE("Select *, shop_credvip.id as Nick, shop_credvip.id from shop_credvip where shop_credvip.id=shop_credvip.id and shop_credvip.sexo = 'masculino' order by id ")
(2009-09-07 22:15:05) mysql error: [: ] in CONNECT(localhost, '****', '****', gbwc)
(2009-09-07 22:18:10) mysql error: [1048: Column 'Title' cannot be null] in EXECUTE("Insert into `forumlivre2` (`Title`,`Comment`, `Author`, `NickName`, `CountryGrade`, `signforum`, `Date`,`Msg_Id`) VALUES (NULL,NULL,'shinigami','shiniigamiikille','19','','2009-09-07 22:18:10','10')")
(2009-09-07 22:59:53) mysql error: [1016: Can't open file: 'shop_credvip.ibd' (errno: 1)] in EXECUTE("Select *, shop_credvip.id as Nick, shop_credvip.id from shop_credvip where shop_credvip.id=shop_credvip.id and shop_credvip.sexo = 'masculino' order by id ")
(2009-09-07 23:12:35) mysql error: [1016: Can't open file: 'shop_credvip.ibd' (errno: 1)] in EXECUTE("Select *, shop_credvip.id as Nick, shop_credvip.id from shop_credvip where shop_credvip.id=shop_credvip.id and shop_credvip.sexo = 'masculino' order by id ")
(2009-09-08 00:15:06) mysql error: [: ] in CONNECT(localhost, '****', '****', gbwc)
(2009-09-08 00:15:06) mysql error: [: ] in CONNECT(localhost, '****', '****', gbwc)
(2009-09-08 00:15:07) mysql error: [: ] in CONNECT(localhost, '****', '****', gbwc)
(2009-09-08 00:15:09) mysql error: [: ] in CONNECT(localhost, '****', '****', gbwc)
(2009-09-08 00:45:07) mysql error: [: ] in CONNECT(localhost, '****', '****', gbwc)
(2009-09-08 02:15:05) mysql error: [: ] in CONNECT(localhost, '****', '****', gbwc)
(2009-09-08 02:15:06) mysql error: [: ] in CONNECT(localhost, '****', '****', gbwc)
(2009-09-08 02:15:07) mysql error: [: ] in CONNECT(localhost, '****', '****', gbwc)
(2009-09-08 02:15:08) mysql error: [: ] in CONNECT(localhost, '****', '****', gbwc)
(2009-09-08 02:15:08) mysql error: [: ] in CONNECT(localhost, '****', '****', gbwc)
(2009-09-08 02:42:09) mysql error: [1016: Can't open file: 'shop_credvip.ibd' (errno: 1)] in EXECUTE("Select *, shop_credvip.id as Nick, shop_credvip.id from shop_credvip where shop_credvip.id=shop_credvip.id and shop_credvip.sexo = 'masculino' order by id ")
(2009-09-08 02:42:15) mysql error: [1016: Can't open file: 'shop_credvip.ibd' (errno: 1)] in EXECUTE("Select *, shop_credvip.id as Nick, shop_credvip.id from shop_credvip where shop_credvip.id=shop_credvip.id and shop_credvip.sexo = 'feminino' order by id ")
(2009-09-08 09:04:06) mysql error: [1016: Can't open file: 'shop_credvip.ibd' (errno: 1)] in EXECUTE("Select *, shop_credvip.id as Nick, shop_credvip.id from shop_credvip where shop_credvip.id=shop_credvip.id and shop_credvip.sexo = 'masculino' order by id ")
(2009-09-08 10:33:33) mysql error: [1016: Can't open file: 'shop_credvip.ibd' (errno: 1)] in EXECUTE("Select *, shop_credvip.id as Nick, shop_credvip.id from shop_credvip where shop_credvip.id=shop_credvip.id and shop_credvip.sexo = 'masculino' order by id ")
(2009-09-08 10:39:27) mysql error: [1016: Can't open file: 'shop_credvip.ibd' (errno: 1)] in EXECUTE("Select *, shop_credvip.id as Nick, shop_credvip.id from shop_credvip where shop_credvip.id=shop_credvip.id and shop_credvip.sexo = 'masculino' order by id ")
(2009-09-08 13:49:25) mysql error: [1016: Can't open file: 'shop_credvip.ibd' (errno: 1)] in EXECUTE("Select *, shop_credvip.id as Nick, shop_credvip.id from shop_credvip where shop_credvip.id=shop_credvip.id and shop_credvip.sexo = 'masculino' order by id ")
(2009-09-08 13:52:15) mysql error: [1016: Can't open file: 'shop_credvip.ibd' (errno: 1)] in EXECUTE("Select *, shop_credvip.id as Nick, shop_credvip.id from shop_credvip where shop_credvip.id=shop_credvip.id and shop_credvip.sexo = 'feminino' order by id ")
(2009-09-08 15:25:16) mysql error: [1016: Can't open file: 'shop_credvip.ibd' (errno: 1)] in EXECUTE("Select *, shop_credvip.id as Nick, shop_credvip.id from shop_credvip where shop_credvip.id=shop_credvip.id and shop_credvip.sexo = 'feminino' order by id ")
(2009-09-08 15:25:17) mysql error: [1016: Can't open file: 'shop_credvip.ibd' (errno: 1)] in EXECUTE("Select *, shop_credvip.id as Nick, shop_credvip.id from shop_credvip where shop_credvip.id=shop_credvip.id and shop_credvip.sexo = 'masculino' order by id ")
(2009-09-08 17:56:19) mysql error: [1016: Can't open file: 'shop_credvip.ibd' (errno: 1)] in EXECUTE("Select *, shop_credvip.id as Nick, shop_credvip.id from shop_credvip where shop_credvip.id=shop_credvip.id and shop_credvip.sexo = 'masculino' order by id ")
(2009-09-08 17:56:33) mysql error: [1016: Can't open file: 'shop_credvip.ibd' (errno: 1)] in EXECUTE("Select *, shop_credvip.id as Nick, shop_credvip.id from shop_credvip where shop_credvip.id=shop_credvip.id and shop_credvip.sexo = 'masculino' order by id ")
(2009-09-08 18:04:34) mysql error: [: ] in CONNECT(localhost, '****', '****', gbwc)
(2009-09-08 18:04:36) mysql error: [: ] in CONNECT(localhost, '****', '****', gbwc)
(2009-09-08 18:04:41) mysql error: [: ] in CONNECT(localhost, '****', '****', gbwc)
(2009-09-08 18:04:45) mysql error: [: ] in CONNECT(localhost, '****', '****', gbwc)
(2009-09-08 18:04:47) mysql error: [: ] in CONNECT(localhost, '****', '****', gbwc)
(2009-09-08 18:04:56) mysql error: [: ] in CONNECT(localhost, '****', '****', gbwc)
(2009-09-08 18:04:59) mysql error: [: ] in CONNECT(localhost, '****', '****', gbwc)
(2009-09-08 18:05:11) mysql error: [: ] in CONNECT(localhost, '****', '****', gbwc)
(2009-09-08 18:05:12) mysql error: [: ] in CONNECT(localhost, '****', '****', gbwc)
(2009-09-08 18:05:14) mysql error: [: ] in CONNECT(localhost, '****', '****', gbwc)
(2009-09-08 18:05:16) mysql error: [: ] in CONNECT(localhost, '****', '****', gbwc)
(2009-09-08 18:05:22) mysql error: [: ] in CONNECT(localhost, '****', '****', gbwc)
(2009-09-08 18:05:22) mysql error: [: ] in CONNECT(localhost, '****', '****', gbwc)
(2009-09-08 18:05:22) mysql error: [: ] in CONNECT(localhost, '****', '****', gbwc)
(2009-09-08 18:05:26) mysql error: [: ] in CONNECT(localhost, '****', '****', gbwc)
(2009-09-08 18:05:29) mysql error: [: ] in CONNECT(localhost, '****', '****', gbwc)
(2009-09-08 18:05:30) mysql error: [: ] in CONNECT(localhost, '****', '****', gbwc)
(2009-09-08 18:05:31) mysql error: [: ] in CONNECT(localhost, '****', '****', gbwc)
(2009-09-08 18:05:40) mysql error: [: ] in CONNECT(localhost, '****', '****', gbwc)
(2009-09-08 18:05:42) mysql error: [: ] in CONNECT(localhost, '****', '****', gbwc)
(2009-09-08 18:05:45) mysql error: [: ] in CONNECT(localhost, '****', '****', gbwc)
(2009-09-08 18:05:47) mysql error: [: ] in CONNECT(localhost, '****', '****', gbwc)
(2009-09-08 18:05:47) mysql error: [: ] in CONNECT(localhost, '****', '****', gbwc)
(2009-09-08 18:05:47) mysql error: [: ] in CONNECT(localhost, '****', '****', gbwc)
(2009-09-08 18:05:53) mysql error: [: ] in CONNECT(localhost, '****', '****', gbwc)
(2009-09-08 18:05:58) mysql error: [: ] in CONNECT(localhost, '****', '****', gbwc)
(2009-09-08 18:05:59) mysql error: [: ] in CONNECT(localhost, '****', '****', gbwc)
(2009-09-08 18:06:02) mysql error: [: ] in CONNECT(localhost, '****', '****', gbwc)
(2009-09-08 18:06:09) mysql error: [: ] in CONNECT(localhost, '****', '****', gbwc)
(2009-09-08 18:06:09) mysql error: [: ] in CONNECT(localhost, '****', '****', gbwc)
(2009-09-08 18:06:09) mysql error: [: ] in CONNECT(localhost, '****', '****', gbwc)
(2009-09-08 18:06:13) mysql error: [: ] in CONNECT(localhost, '****', '****', gbwc)
(2009-09-08 18:06:25) mysql error: [: ] in CONNECT(localhost, '****', '****', gbwc)
(2009-09-08 18:06:29) mysql error: [: ] in CONNECT(localhost, '****', '****', gbwc)
(2009-09-08 18:06:50) mysql error: [1146: Table 'gbwc.credito' doesn't exist] in EXECUTE("SELECT * FROM `credito` WHERE id = 'boladaoo'")
(2009-09-08 18:06:53) mysql error: [: ] in CONNECT(localhost, '****', '****', gbwc)
(2009-09-08 18:06:55) mysql error: [: ] in CONNECT(localhost, '****', '****', gbwc)
(2009-09-08 18:06:55) mysql error: [: ] in CONNECT(localhost, '****', '****', gbwc)
(2009-09-08 18:06:56) mysql error: [: ] in CONNECT(localhost, '****', '****', gbwc)
(2009-09-08 18:07:45) mysql error: [: ] in CONNECT(localhost, '****', '****', gbwc)
(2009-09-08 18:07:52) mysql error: [: ] in CONNECT(localhost, '****', '****', gbwc)
(2009-09-08 18:07:53) mysql error: [: ] in CONNECT(localhost, '****', '****', gbwc)
(2009-09-08 18:07:57) mysql error: [: ] in CONNECT(localhost, '****', '****', gbwc)
(2009-09-08 18:08:01) mysql error: [: ] in CONNECT(localhost, '****', '****', gbwc)
(2009-09-08 18:08:04) mysql error: [: ] in CONNECT(localhost, '****', '****', gbwc)
(2009-09-08 18:08:08) mysql error: [: ] in CONNECT(localhost, '****', '****', gbwc)
(2009-09-08 18:08:12) mysql error: [: ] in CONNECT(localhost, '****', '****', gbwc)
(2009-09-08 18:08:22) mysql error: [: ] in CONNECT(localhost, '****', '****', gbwc)
(2009-09-08 18:08:39) mysql error: [: ] in CONNECT(localhost, '****', '****', gbwc)
(2009-09-08 18:08:51) mysql error: [: ] in CONNECT(localhost, '****', '****', gbwc)
(2009-09-08 18:08:54) mysql error: [: ] in CONNECT(localhost, '****', '****', gbwc)
(2009-09-08 18:09:01) mysql error: [: ] in CONNECT(localhost, '****', '****', gbwc)
(2009-09-08 18:09:02) mysql error: [: ] in CONNECT(localhost, '****', '****', gbwc)
(2009-09-08 18:09:12) mysql error: [: ] in CONNECT(localhost, '****', '****', gbwc)
(2009-09-08 18:09:13) mysql error: [: ] in CONNECT(localhost, '****', '****', gbwc)
(2009-09-08 18:09:15) mysql error: [: ] in CONNECT(localhost, '****', '****', gbwc)
(2009-09-08 18:09:15) mysql error: [: ] in CONNECT(localhost, '****', '****', gbwc)
(2009-09-08 18:09:20) mysql error: [: ] in CONNECT(localhost, '****', '****', gbwc)
(2009-09-08 18:09:21) mysql error: [: ] in CONNECT(localhost, '****', '****', gbwc)
(2009-09-08 18:09:24) mysql error: [: ] in CONNECT(localhost, '****', '****', gbwc)
(2009-09-08 18:09:27) mysql error: [: ] in CONNECT(localhost, '****', '****', gbwc)
(2009-09-08 18:09:28) mysql error: [: ] in CONNECT(localhost, '****', '****', gbwc)
(2009-09-08 18:09:31) mysql error: [: ] in CONNECT(localhost, '****', '****', gbwc)
(2009-09-08 18:09:38) mysql error: [: ] in CONNECT(localhost, '****', '****', gbwc)
(2009-09-08 18:09:40) mysql error: [: ] in CONNECT(localhost, '****', '****', gbwc)
(2009-09-08 18:09:43) mysql error: [: ] in CONNECT(localhost, '****', '****', gbwc)
(2009-09-08 18:09:43) mysql error: [: ] in CONNECT(localhost, '****', '****', gbwc)
(2009-09-08 18:09:44) mysql error: [: ] in CONNECT(localhost, '****', '****', gbwc)
(2009-09-08 18:09:44) mysql error: [: ] in CONNECT(localhost, '****', '****', gbwc)
(2009-09-08 18:09:47) mysql error: [: ] in CONNECT(localhost, '****', '****', gbwc)
(2009-09-08 18:09:50) mysql error: [: ] in CONNECT(localhost, '****', '****', gbwc)
(2009-09-08 18:09:51) mysql error: [: ] in CONNECT(localhost, '****', '****', gbwc)
(2009-09-08 18:09:51) mysql error: [: ] in CONNECT(localhost, '****', '****', gbwc)
(2009-09-08 18:10:00) mysql error: [: ] in CONNECT(localhost, '****', '****', gbwc)
(2009-09-08 18:11:26) mysql error: [: ] in CONNECT(localhost, '****', '****', gbwc)
(2009-09-08 18:11:53) mysql error: [: ] in CONNECT(localhost, '****', '****', gbwc)
(2009-09-08 18:11:55) mysql error: [: ] in CONNECT(localhost, '****', '****', gbwc)
(2009-09-08 18:12:06) mysql error: [: ] in CONNECT(localhost, '****', '****', gbwc)
(2009-09-08 18:12:24) mysql error: [: ] in CONNECT(localhost, '****', '****', gbwc)
(2009-09-08 18:12:26) mysql error: [: ] in CONNECT(localhost, '****', '****', gbwc)
(2009-09-08 18:12:28) mysql error: [: ] in CONNECT(localhost, '****', '****', gbwc)
(2009-09-08 18:12:54) mysql error: [: ] in CONNECT(localhost, '****', '****', gbwc)
(2009-09-08 18:12:55) mysql error: [: ] in CONNECT(localhost, '****', '****', gbwc)
(2009-09-08 18:12:56) mysql error: [: ] in CONNECT(localhost, '****', '****', gbwc)
(2009-09-08 18:12:57) mysql error: [: ] in CONNECT(localhost, '****', '****', gbwc)
(2009-09-08 18:13:00) mysql error: [: ] in CONNECT(localhost, '****', '****', gbwc)
(2009-09-08 18:13:00) mysql error: [: ] in CONNECT(localhost, '****', '****', gbwc)
(2009-09-08 18:13:04) mysql error: [: ] in CONNECT(localhost, '****', '****', gbwc)
(2009-09-08 18:13:05) mysql error: [: ] in CONNECT(localhost, '****', '****', gbwc)
(2009-09-08 18:13:06) mysql error: [: ] in CONNECT(localhost, '****', '****', gbwc)
(2009-09-08 18:13:07) mysql error: [: ] in CONNECT(localhost, '****', '****', gbwc)
(2009-09-08 18:13:10) mysql error: [: ] in CONNECT(localhost, '****', '****', gbwc)
(2009-09-08 18:13:11) mysql error: [: ] in CONNECT(localhost, '****', '****', gbwc)
(2009-09-08 18:13:13) mysql error: [: ] in CONNECT(localhost, '****', '****', gbwc)
(2009-09-08 18:13:15) mysql error: [: ] in CONNECT(localhost, '****', '****', gbwc)
(2009-09-08 18:13:17) mysql error: [: ] in CONNECT(localhost, '****', '****', gbwc)
(2009-09-08 18:13:17) mysql error: [: ] in CONNECT(localhost, '****', '****', gbwc)
(2009-09-08 18:13:17) mysql error: [: ] in CONNECT(localhost, '****', '****', gbwc)
(2009-09-08 18:13:20) mysql error: [: ] in CONNECT(localhost, '****', '****', gbwc)
(2009-09-08 18:13:20) mysql error: [: ] in CONNECT(localhost, '****', '****', gbwc)
(2009-09-08 18:13:20) mysql error: [: ] in CONNECT(localhost, '****', '****', gbwc)
(2009-09-08 18:13:20) mysql error: [: ] in CONNECT(localhost, '****', '****', gbwc)
(2009-09-08 18:13:21) mysql error: [: ] in CONNECT(localhost, '****', '****', gbwc)
(2009-09-08 18:13:21) mysql error: [: ] in CONNECT(localhost, '****', '****', gbwc)
(2009-09-08 18:13:21) mysql error: [: ] in CONNECT(localhost, '****', '****', gbwc)
(2009-09-08 18:13:25) mysql error: [: ] in CONNECT(localhost, '****', '****', gbwc)
(2009-09-08 18:13:26) mysql error: [: ] in CONNECT(localhost, '****', '****', gbwc)
(2009-09-08 18:13:27) mysql error: [: ] in CONNECT(localhost, '****', '****', gbwc)
(2009-09-08 18:13:28) mysql error: [: ] in CONNECT(localhost, '****', '****', gbwc)
(2009-09-08 18:13:32) mysql error: [: ] in CONNECT(localhost, '****', '****', gbwc)
(2009-09-08 18:13:58) mysql error: [: ] in CONNECT(localhost, '****', '****', gbwc)
(2009-09-08 18:14:09) mysql error: [: ] in CONNECT(localhost, '****', '****', gbwc)
(2009-09-08 18:14:11) mysql error: [: ] in CONNECT(localhost, '****', '****', gbwc)
(2009-09-08 18:14:11) mysql error: [: ] in CONNECT(localhost, '****', '****', gbwc)
(2009-09-08 18:14:17) mysql error: [: ] in CONNECT(localhost, '****', '****', gbwc)
(2009-09-08 18:14:17) mysql error: [: ] in CONNECT(localhost, '****', '****', gbwc)
(2009-09-08 18:14:19) mysql error: [: ] in CONNECT(localhost, '****', '****', gbwc)
(2009-09-08 18:14:20) mysql error: [: ] in CONNECT(localhost, '****', '****', gbwc)
(2009-09-08 18:14:21) mysql error: [: ] in CONNECT(localhost, '****', '****', gbwc)
(2009-09-08 18:14:21) mysql error: [: ] in CONNECT(localhost, '****', '****', gbwc)
(2009-09-08 18:14:24) mysql error: [: ] in CONNECT(localhost, '****', '****', gbwc)
(2009-09-08 18:14:24) mysql error: [: ] in CONNECT(localhost, '****', '****', gbwc)
(2009-09-08 18:14:25) mysql error: [: ] in CONNECT(localhost, '****', '****', gbwc)
(2009-09-08 18:14:25) mysql error: [: ] in CONNECT(localhost, '****', '****', gbwc)
(2009-09-08 18:14:25) mysql error: [: ] in CONNECT(localhost, '****', '****', gbwc)
(2009-09-08 18:14:28) mysql error: [: ] in CONNECT(localhost, '****', '****', gbwc)
(2009-09-08 18:14:30) mysql error: [: ] in CONNECT(localhost, '****', '****', gbwc)
(2009-09-08 18:14:31) mysql error: [: ] in CONNECT(localhost, '****', '****', gbwc)
(2009-09-08 18:14:36) mysql error: [: ] in CONNECT(localhost, '****', '****', gbwc)
(2009-09-08 18:14:37) mysql error: [: ] in CONNECT(localhost, '****', '****', gbwc)
(2009-09-08 18:14:38) mysql error: [: ] in CONNECT(localhost, '****', '****', gbwc)
(2009-09-08 18:14:40) mysql error: [: ] in CONNECT(localhost, '****', '****', gbwc)
(2009-09-08 18:14:45) mysql error: [: ] in CONNECT(localhost, '****', '****', gbwc)
(2009-09-08 18:14:45) mysql error: [: ] in CONNECT(localhost, '****', '****', gbwc)
(2009-09-08 18:14:46) mysql error: [: ] in CONNECT(localhost, '****', '****', gbwc)
(2009-09-08 18:14:47) mysql error: [: ] in CONNECT(localhost, '****', '****', gbwc)
(2009-09-08 18:14:50) mysql error: [: ] in CONNECT(localhost, '****', '****', gbwc)
(2009-09-08 18:14:53) mysql error: [: ] in CONNECT(localhost, '****', '****', gbwc)
(2009-09-08 18:14:54) mysql error: [: ] in CONNECT(localhost, '****', '****', gbwc)
(2009-09-08 18:14:55) mysql error: [: ] in CONNECT(localhost, '****', '****', gbwc)
(2009-09-08 18:14:57) mysql error: [: ] in CONNECT(localhost, '****', '****', gbwc)
(2009-09-08 18:14:58) mysql error: [: ] in CONNECT(localhost, '****', '****', gbwc)
(2009-09-08 18:14:59) mysql error: [: ] in CONNECT(localhost, '****', '****', gbwc)
(2009-09-08 18:15:00) mysql error: [: ] in CONNECT(localhost, '****', '****', gbwc)
(2009-09-08 18:15:01) mysql error: [: ] in CONNECT(localhost, '****', '****', gbwc)
(2009-09-08 18:15:02) mysql error: [: ] in CONNECT(localhost, '****', '****', gbwc)
(2009-09-08 18:15:19) mysql error: [: ] in CONNECT(localhost, '****', '****', gbwc)
(2009-09-08 18:16:03) mysql error: [1146: Table 'gbwc.credito' doesn't exist] in EXECUTE("SELECT * FROM `credito` WHERE id = 'abixiup'")
(2009-09-08 18:16:25) mysql error: [1146: Table 'gbwc.credito' doesn't exist] in EXECUTE("SELECT * FROM `credito` WHERE id = 'jerryblues'")
(2009-09-08 18:16:25) mysql error: [1146: Table 'gbwc.credito' doesn't exist] in EXECUTE("SELECT * FROM `credito` WHERE id = 'abixiup'")
(2009-09-08 18:16:31) mysql error: [1146: Table 'gbwc.credito' doesn't exist] in EXECUTE("SELECT * FROM `credito` WHERE id = 'abixiup'")
(2009-09-08 18:19:20) mysql error: [1146: Table 'gbwc.credito' doesn't exist] in EXECUTE("SELECT * FROM `credito` WHERE id = 'jerryblues'")
(2009-09-08 18:45:03) mysql error: [: ] in CONNECT(localhost, '****', '****', gbwc)
(2009-09-08 23:09:11) mysql error: [: ] in CONNECT(localhost, '****', '****', gbwc)
(2009-09-09 04:17:46) mysql error: [: ] in CONNECT(localhost, '****', '****', gbwc)
(2009-09-09 05:02:53) mysql error: [1048: Column 'Title' cannot be null] in EXECUTE("Insert into `gbe_comentarios` (`Title`,`Comment`, `Author`, `NickName`, `CountryGrade`, `signforum`, `Date`,`Msg_Id`) VALUES (NULL,NULL,'151525','flowers','21','','2009-09-09 05:02:53','9')")
(2009-09-09 07:52:08) mysql error: [1048: Column 'Title' cannot be null] in EXECUTE("Insert into `gbe_comentarios` (`Title`,`Comment`, `Author`, `NickName`, `CountryGrade`, `signforum`, `Date`,`Msg_Id`) VALUES (NULL,NULL,'daniels2wanessa','LoveYouWaneSsa','2','','2009-09-09 07:52:08','9')")
(2009-09-09 07:52:12) mysql error: [1048: Column 'Title' cannot be null] in EXECUTE("Insert into `gbe_comentarios` (`Title`,`Comment`, `Author`, `NickName`, `CountryGrade`, `signforum`, `Date`,`Msg_Id`) VALUES (NULL,NULL,'daniels2wanessa','LoveYouWaneSsa','2','','2009-09-09 07:52:12','9')")
(2009-09-09 12:37:25) mysql error: [: ] in CONNECT(localhost, '****', '****', gbwc)
(2009-09-09 12:37:27) mysql error: [: ] in CONNECT(localhost, '****', '****', gbwc)
(2009-09-09 12:37:27) mysql error: [: ] in CONNECT(localhost, '****', '****', gbwc)
(2009-09-09 12:37:27) mysql error: [: ] in CONNECT(localhost, '****', '****', gbwc)
(2009-09-09 12:41:14) mysql error: [1048: Column 'Title' cannot be null] in EXECUTE("Insert into `gbe_comentarios` (`Title`,`Comment`, `Author`, `NickName`, `CountryGrade`, `signforum`, `Date`,`Msg_Id`) VALUES (NULL,NULL,'lucianolopes','Flat','20','','2009-09-09 12:41:14','9')")
(2009-09-09 12:42:19) mysql error: [1048: Column 'Title' cannot be null] in EXECUTE("Insert into `gbe_comentarios` (`Title`,`Comment`, `Author`, `NickName`, `CountryGrade`, `signforum`, `Date`,`Msg_Id`) VALUES (NULL,NULL,'lucianolopes','Flat','20','','2009-09-09 12:42:19','9')")
(2009-09-09 15:19:34) mysql error: [: ] in CONNECT(localhost, '****', '****', gbwc)
